Sending build context to Docker daemon  72.19kB

Step 1/12 : FROM python:3.12-slim
 ---> 090ba77e2958
Step 2/12 : RUN addgroup -S app && adduser -S app -G app
 ---> Running in 53d50f4f59b4
[91mOption s is ambiguous (shell, stderrmsglevel, stdoutmsglevel, system)
[0madduser [--uid id] [--firstuid id] [--lastuid id]
        [--gid id] [--firstgid id] [--lastgid id] [--ingroup group]
        [--add-extra-groups] [--shell shell]
        [--comment comment] [--home dir] [--no-create-home]
        [--allow-all-names] [--allow-bad-names]
        [--disabled-password] [--disabled-login]
        [--conf file] [--quiet] [--verbose] [--debug]
        user
    Add a regular user

adduser --system
        [--uid id] [--group] [--ingroup group] [--gid id]
        [--shell shell] [--comment comment] [--home dir] [--no-create-home]
        [--conf file] [--quiet] [--verbose] [--debug]
        user
   Add a system user

adduser --group
        [--gid ID] [--firstgid id] [--lastgid id]
        [--conf file] [--quiet] [--verbose] [--debug]
        group
addgroup
        [--gid ID] [--firstgid id] [--lastgid id]
        [--conf file] [--quiet] [--verbose] [--debug]
        group
   Add a user group

addgroup --system
        [--gid id]
        [--conf file] [--quiet] [--verbose] [--debug]
        group
   Add a system group

adduser USER GROUP
   Add an existing user to an existing group

DEPRECATED: The legacy builder is deprecated and will be removed in a future release.
            Install the buildx component to build images with BuildKit:
            https://docs.docker.com/go/buildx/

The command '/bin/sh -c addgroup -S app && adduser -S app -G app' returned a non-zero code: 51
