Sending build context to Docker daemon   72.7kB

Step 1/15 : FROM python:3.12-slim
 ---> 090ba77e2958
Step 2/15 : ENV PYTHONUNBUFFERED=1
 ---> Running in 819c4937375a
 ---> Removed intermediate container 819c4937375a
 ---> de64ee8db41a
Step 3/15 : ENV PYTHONDONTWRITEBYTECODE=1
 ---> Running in 1d9890a438e6
 ---> Removed intermediate container 1d9890a438e6
 ---> 1ec4cbbd12fb
Step 4/15 : RUN apt-get update && apt-get install -y curl && rm -rf /var/lib/apt/lists/*
 ---> Running in b9e9014220bb
Hit:1 http://deb.debian.org/debian trixie InRelease
Get:2 http://deb.debian.org/debian trixie-updates InRelease [47.3 kB]
Get:3 http://deb.debian.org/debian-security trixie-security InRelease [43.4 kB]
Get:4 http://deb.debian.org/debian trixie/main amd64 Packages [9671 kB]
Get:5 http://deb.debian.org/debian trixie-updates/main amd64 Packages [5412 B]
Get:6 http://deb.debian.org/debian-security trixie-security/main amd64 Packages [176 kB]
Fetched 9943 kB in 9s (1103 kB/s)
Reading package lists...
Reading package lists...
Building dependency tree...
Reading state information...
The following additional packages will be installed:
  bash-completion krb5-locales libbrotli1 libcom-err2 libcurl4t64
  libgnutls30t64 libgssapi-krb5-2 libidn2-0 libk5crypto3 libkeyutils1
  libkrb5-3 libkrb5support0 libldap-common libldap2 libnghttp2-14 libnghttp3-9
  libp11-kit0 libpsl5t64 librtmp1 libsasl2-2 libsasl2-modules
  libsasl2-modules-db libssh2-1t64 libtasn1-6 libunistring5 publicsuffix
Suggested packages:
  gnutls-bin krb5-doc krb5-user libsasl2-modules-gssapi-mit
  | libsasl2-modules-gssapi-heimdal libsasl2-modules-ldap libsasl2-modules-otp
  libsasl2-modules-sql
The following NEW packages will be installed:
  bash-completion curl krb5-locales libbrotli1 libcom-err2 libcurl4t64
  libgnutls30t64 libgssapi-krb5-2 libidn2-0 libk5crypto3 libkeyutils1
  libkrb5-3 libkrb5support0 libldap-common libldap2 libnghttp2-14 libnghttp3-9
  libp11-kit0 libpsl5t64 librtmp1 libsasl2-2 libsasl2-modules
  libsasl2-modules-db libssh2-1t64 libtasn1-6 libunistring5 publicsuffix
0 upgraded, 27 newly installed, 0 to remove and 0 not upgraded.
Need to get 5704 kB of archives.
After this operation, 18.3 MB of additional disk space will be used.
Get:1 http://deb.debian.org/debian trixie/main amd64 bash-completion all 1:2.16.0-7 [319 kB]
Get:2 http://deb.debian.org/debian-security trixie-security/main amd64 krb5-locales all 1.21.3-5+deb13u1 [101 kB]
Get:3 http://deb.debian.org/debian trixie/main amd64 libbrotli1 amd64 1.1.0-2+b7 [307 kB]
Get:4 http://deb.debian.org/debian-security trixie-security/main amd64 libkrb5support0 amd64 1.21.3-5+deb13u1 [33.1 kB]
Get:5 http://deb.debian.org/debian trixie/main amd64 libcom-err2 amd64 1.47.2-3+b11 [25.0 kB]
Get:6 http://deb.debian.org/debian-security trixie-security/main amd64 libk5crypto3 amd64 1.21.3-5+deb13u1 [81.2 kB]
Get:7 http://deb.debian.org/debian trixie/main amd64 libkeyutils1 amd64 1.6.3-6 [9456 B]
Get:8 http://deb.debian.org/debian-security trixie-security/main amd64 libkrb5-3 amd64 1.21.3-5+deb13u1 [326 kB]
Get:9 http://deb.debian.org/debian-security trixie-security/main amd64 libgssapi-krb5-2 amd64 1.21.3-5+deb13u1 [138 kB]
Get:10 http://deb.debian.org/debian trixie/main amd64 libunistring5 amd64 1.3-2 [477 kB]
Get:11 http://deb.debian.org/debian trixie/main amd64 libidn2-0 amd64 2.3.8-2 [109 kB]
Get:12 http://deb.debian.org/debian trixie/main amd64 libsasl2-modules-db amd64 2.1.28+dfsg1-9 [19.8 kB]
Get:13 http://deb.debian.org/debian trixie/main amd64 libsasl2-2 amd64 2.1.28+dfsg1-9 [57.5 kB]
Get:14 http://deb.debian.org/debian trixie/main amd64 libldap2 amd64 2.6.10+dfsg-1 [194 kB]
Get:15 http://deb.debian.org/debian-security trixie-security/main amd64 libnghttp2-14 amd64 1.64.0-1.1+deb13u1 [76.2 kB]
Get:16 http://deb.debian.org/debian trixie/main amd64 libnghttp3-9 amd64 1.8.0-1 [67.7 kB]
Get:17 http://deb.debian.org/debian trixie/main amd64 libpsl5t64 amd64 0.21.2-1.1+b1 [57.2 kB]
Get:18 http://deb.debian.org/debian trixie/main amd64 libp11-kit0 amd64 0.25.5-3 [425 kB]
Get:19 http://deb.debian.org/debian trixie/main amd64 libtasn1-6 amd64 4.20.0-2 [49.9 kB]
Get:20 http://deb.debian.org/debian-security trixie-security/main amd64 libgnutls30t64 amd64 3.8.9-3+deb13u4 [1469 kB]
Get:21 http://deb.debian.org/debian trixie/main amd64 librtmp1 amd64 2.4+20151223.gitfa8646d.1-2+b5 [58.8 kB]
Get:22 http://deb.debian.org/debian trixie/main amd64 libssh2-1t64 amd64 1.11.1-1 [245 kB]
Get:23 http://deb.debian.org/debian trixie/main amd64 libcurl4t64 amd64 8.14.1-2+deb13u3 [391 kB]
Get:24 http://deb.debian.org/debian trixie/main amd64 curl amd64 8.14.1-2+deb13u3 [270 kB]
Get:25 http://deb.debian.org/debian trixie/main amd64 libldap-common all 2.6.10+dfsg-1 [35.1 kB]
Get:26 http://deb.debian.org/debian trixie/main amd64 libsasl2-modules amd64 2.1.28+dfsg1-9 [66.7 kB]
Get:27 http://deb.debian.org/debian trixie/main amd64 publicsuffix all 20250328.1952-0.1 [296 kB]
[91mdebconf: unable to initialize frontend: Dialog
debconf: (TERM is not set, so the dialog frontend is not usable.)
debconf: falling back to frontend: Readline
[0m[91mdebconf: unable to initialize frontend: Readline
debconf: (Can't locate Term/ReadLine.pm in @INC (you may need to install the Term::ReadLine module) (@INC entries checked: /etc/perl /usr/local/lib/x86_64-linux-gnu/perl/5.40.1 /usr/local/share/perl/5.40.1 /usr/lib/x86_64-linux-gnu/perl5/5.40 /usr/share/perl5 /usr/lib/x86_64-linux-gnu/perl-base /usr/lib/x86_64-linux-gnu/perl/5.40 /usr/share/perl/5.40 /usr/local/lib/site_perl) at /usr/share/perl5/Debconf/FrontEnd/Readline.pm line 8, <STDIN> line 27.)
debconf: falling back to frontend: Teletype
[0m[91mdebconf: unable to initialize frontend: Teletype
debconf: (This frontend requires a controlling tty.)
debconf: falling back to frontend: Noninteractive
[0mFetched 5704 kB in 1s (7706 kB/s)
Selecting previously unselected package bash-completion.
(Reading database ... 
(Reading database ... 5%
(Reading database ... 10%
(Reading database ... 15%
(Reading database ... 20%
(Reading database ... 25%
(Reading database ... 30%
(Reading database ... 35%
(Reading database ... 40%
(Reading database ... 45%
(Reading database ... 50%
(Reading database ... 55%
(Reading database ... 60%
(Reading database ... 65%
(Reading database ... 70%
(Reading database ... 75%
(Reading database ... 80%
(Reading database ... 85%
(Reading database ... 90%
(Reading database ... 95%
(Reading database ... 100%
(Reading database ... 5645 files and directories currently installed.)
Preparing to unpack .../00-bash-completion_1%3a2.16.0-7_all.deb ...
Unpacking bash-completion (1:2.16.0-7) ...
Selecting previously unselected package krb5-locales.
Preparing to unpack .../01-krb5-locales_1.21.3-5+deb13u1_all.deb ...
Unpacking krb5-locales (1.21.3-5+deb13u1) ...
Selecting previously unselected package libbrotli1:amd64.
Preparing to unpack .../02-libbrotli1_1.1.0-2+b7_amd64.deb ...
Unpacking libbrotli1:amd64 (1.1.0-2+b7) ...
Selecting previously unselected package libkrb5support0:amd64.
Preparing to unpack .../03-libkrb5support0_1.21.3-5+deb13u1_amd64.deb ...
Unpacking libkrb5support0:amd64 (1.21.3-5+deb13u1) ...
Selecting previously unselected package libcom-err2:amd64.
Preparing to unpack .../04-libcom-err2_1.47.2-3+b11_amd64.deb ...
Unpacking libcom-err2:amd64 (1.47.2-3+b11) ...
Selecting previously unselected package libk5crypto3:amd64.
Preparing to unpack .../05-libk5crypto3_1.21.3-5+deb13u1_amd64.deb ...
Unpacking libk5crypto3:amd64 (1.21.3-5+deb13u1) ...
Selecting previously unselected package libkeyutils1:amd64.
Preparing to unpack .../06-libkeyutils1_1.6.3-6_amd64.deb ...
Unpacking libkeyutils1:amd64 (1.6.3-6) ...
Selecting previously unselected package libkrb5-3:amd64.
Preparing to unpack .../07-libkrb5-3_1.21.3-5+deb13u1_amd64.deb ...
Unpacking libkrb5-3:amd64 (1.21.3-5+deb13u1) ...
Selecting previously unselected package libgssapi-krb5-2:amd64.
Preparing to unpack .../08-libgssapi-krb5-2_1.21.3-5+deb13u1_amd64.deb ...
Unpacking libgssapi-krb5-2:amd64 (1.21.3-5+deb13u1) ...
Selecting previously unselected package libunistring5:amd64.
Preparing to unpack .../09-libunistring5_1.3-2_amd64.deb ...
Unpacking libunistring5:amd64 (1.3-2) ...
Selecting previously unselected package libidn2-0:amd64.
Preparing to unpack .../10-libidn2-0_2.3.8-2_amd64.deb ...
Unpacking libidn2-0:amd64 (2.3.8-2) ...
Selecting previously unselected package libsasl2-modules-db:amd64.
Preparing to unpack .../11-libsasl2-modules-db_2.1.28+dfsg1-9_amd64.deb ...
Unpacking libsasl2-modules-db:amd64 (2.1.28+dfsg1-9) ...
Selecting previously unselected package libsasl2-2:amd64.
Preparing to unpack .../12-libsasl2-2_2.1.28+dfsg1-9_amd64.deb ...
Unpacking libsasl2-2:amd64 (2.1.28+dfsg1-9) ...
Selecting previously unselected package libldap2:amd64.
Preparing to unpack .../13-libldap2_2.6.10+dfsg-1_amd64.deb ...
Unpacking libldap2:amd64 (2.6.10+dfsg-1) ...
Selecting previously unselected package libnghttp2-14:amd64.
Preparing to unpack .../14-libnghttp2-14_1.64.0-1.1+deb13u1_amd64.deb ...
Unpacking libnghttp2-14:amd64 (1.64.0-1.1+deb13u1) ...
Selecting previously unselected package libnghttp3-9:amd64.
Preparing to unpack .../15-libnghttp3-9_1.8.0-1_amd64.deb ...
Unpacking libnghttp3-9:amd64 (1.8.0-1) ...
Selecting previously unselected package libpsl5t64:amd64.
Preparing to unpack .../16-libpsl5t64_0.21.2-1.1+b1_amd64.deb ...
Unpacking libpsl5t64:amd64 (0.21.2-1.1+b1) ...
Selecting previously unselected package libp11-kit0:amd64.
Preparing to unpack .../17-libp11-kit0_0.25.5-3_amd64.deb ...
Unpacking libp11-kit0:amd64 (0.25.5-3) ...
Selecting previously unselected package libtasn1-6:amd64.
Preparing to unpack .../18-libtasn1-6_4.20.0-2_amd64.deb ...
Unpacking libtasn1-6:amd64 (4.20.0-2) ...
Selecting previously unselected package libgnutls30t64:amd64.
Preparing to unpack .../19-libgnutls30t64_3.8.9-3+deb13u4_amd64.deb ...
Unpacking libgnutls30t64:amd64 (3.8.9-3+deb13u4) ...
Selecting previously unselected package librtmp1:amd64.
Preparing to unpack .../20-librtmp1_2.4+20151223.gitfa8646d.1-2+b5_amd64.deb ...
Unpacking librtmp1:amd64 (2.4+20151223.gitfa8646d.1-2+b5) ...
Selecting previously unselected package libssh2-1t64:amd64.
Preparing to unpack .../21-libssh2-1t64_1.11.1-1_amd64.deb ...
Unpacking libssh2-1t64:amd64 (1.11.1-1) ...
Selecting previously unselected package libcurl4t64:amd64.
Preparing to unpack .../22-libcurl4t64_8.14.1-2+deb13u3_amd64.deb ...
Unpacking libcurl4t64:amd64 (8.14.1-2+deb13u3) ...
Selecting previously unselected package curl.
Preparing to unpack .../23-curl_8.14.1-2+deb13u3_amd64.deb ...
Unpacking curl (8.14.1-2+deb13u3) ...
Selecting previously unselected package libldap-common.
Preparing to unpack .../24-libldap-common_2.6.10+dfsg-1_all.deb ...
Unpacking libldap-common (2.6.10+dfsg-1) ...
Selecting previously unselected package libsasl2-modules:amd64.
Preparing to unpack .../25-libsasl2-modules_2.1.28+dfsg1-9_amd64.deb ...
Unpacking libsasl2-modules:amd64 (2.1.28+dfsg1-9) ...
Selecting previously unselected package publicsuffix.
Preparing to unpack .../26-publicsuffix_20250328.1952-0.1_all.deb ...
Unpacking publicsuffix (20250328.1952-0.1) ...
Setting up libkeyutils1:amd64 (1.6.3-6) ...
Setting up libbrotli1:amd64 (1.1.0-2+b7) ...
Setting up libsasl2-modules:amd64 (2.1.28+dfsg1-9) ...
Setting up libnghttp2-14:amd64 (1.64.0-1.1+deb13u1) ...
Setting up krb5-locales (1.21.3-5+deb13u1) ...
Setting up libcom-err2:amd64 (1.47.2-3+b11) ...
Setting up libldap-common (2.6.10+dfsg-1) ...
Setting up libkrb5support0:amd64 (1.21.3-5+deb13u1) ...
Setting up libsasl2-modules-db:amd64 (2.1.28+dfsg1-9) ...
Setting up bash-completion (1:2.16.0-7) ...
Setting up libp11-kit0:amd64 (0.25.5-3) ...
Setting up libunistring5:amd64 (1.3-2) ...
Setting up libk5crypto3:amd64 (1.21.3-5+deb13u1) ...
Setting up libsasl2-2:amd64 (2.1.28+dfsg1-9) ...
Setting up libnghttp3-9:amd64 (1.8.0-1) ...
Setting up libtasn1-6:amd64 (4.20.0-2) ...
Setting up libkrb5-3:amd64 (1.21.3-5+deb13u1) ...
Setting up libssh2-1t64:amd64 (1.11.1-1) ...
Setting up publicsuffix (20250328.1952-0.1) ...
Setting up libldap2:amd64 (2.6.10+dfsg-1) ...
Setting up libidn2-0:amd64 (2.3.8-2) ...
Setting up libgssapi-krb5-2:amd64 (1.21.3-5+deb13u1) ...
Setting up libgnutls30t64:amd64 (3.8.9-3+deb13u4) ...
Setting up libpsl5t64:amd64 (0.21.2-1.1+b1) ...
Setting up librtmp1:amd64 (2.4+20151223.gitfa8646d.1-2+b5) ...
Setting up libcurl4t64:amd64 (8.14.1-2+deb13u3) ...
Setting up curl (8.14.1-2+deb13u3) ...
Processing triggers for libc-bin (2.41-12+deb13u3) ...
 ---> Removed intermediate container b9e9014220bb
 ---> 56df0a8a246f
Step 5/15 : RUN useradd -ms /bin/bash pythonuser
 ---> Running in 5604606d625e
 ---> Removed intermediate container 5604606d625e
 ---> f8b2d940afdd
Step 6/15 : WORKDIR /app
 ---> Running in 2f93bd3afd26
 ---> Removed intermediate container 2f93bd3afd26
 ---> fe27bd4e60d3
Step 7/15 : COPY requirements.txt .
 ---> cad9a18338ce
Step 8/15 : RUN pip install -r requirements.txt
 ---> Running in ad2d88e2488d
Collecting flask==3.0.0 (from -r requirements.txt (line 1))
  Downloading flask-3.0.0-py3-none-any.whl.metadata (3.6 kB)
Collecting gunicorn==23.0.0 (from -r requirements.txt (line 2))
  Downloading gunicorn-23.0.0-py3-none-any.whl.metadata (4.4 kB)
Collecting Werkzeug>=3.0.0 (from flask==3.0.0->-r requirements.txt (line 1))
  Downloading werkzeug-3.1.8-py3-none-any.whl.metadata (4.0 kB)
Collecting Jinja2>=3.1.2 (from flask==3.0.0->-r requirements.txt (line 1))
  Downloading jinja2-3.1.6-py3-none-any.whl.metadata (2.9 kB)
Collecting itsdangerous>=2.1.2 (from flask==3.0.0->-r requirements.txt (line 1))
  Downloading itsdangerous-2.2.0-py3-none-any.whl.metadata (1.9 kB)
Collecting click>=8.1.3 (from flask==3.0.0->-r requirements.txt (line 1))
  Downloading click-8.4.1-py3-none-any.whl.metadata (2.6 kB)
Collecting blinker>=1.6.2 (from flask==3.0.0->-r requirements.txt (line 1))
  Downloading blinker-1.9.0-py3-none-any.whl.metadata (1.6 kB)
Collecting packaging (from gunicorn==23.0.0->-r requirements.txt (line 2))
  Downloading packaging-26.2-py3-none-any.whl.metadata (3.5 kB)
Collecting MarkupSafe>=2.0 (from Jinja2>=3.1.2->flask==3.0.0->-r requirements.txt (line 1))
  Downloading markupsafe-3.0.3-cp312-cp312-manylinux2014_x86_64.manylinux_2_17_x86_64.manylinux_2_28_x86_64.whl.metadata (2.7 kB)
Downloading flask-3.0.0-py3-none-any.whl (99 kB)
Downloading gunicorn-23.0.0-py3-none-any.whl (85 kB)
Downloading blinker-1.9.0-py3-none-any.whl (8.5 kB)
Downloading click-8.4.1-py3-none-any.whl (116 kB)
Downloading itsdangerous-2.2.0-py3-none-any.whl (16 kB)
Downloading jinja2-3.1.6-py3-none-any.whl (134 kB)
Downloading werkzeug-3.1.8-py3-none-any.whl (226 kB)
Downloading packaging-26.2-py3-none-any.whl (100 kB)
Downloading markupsafe-3.0.3-cp312-cp312-manylinux2014_x86_64.manylinux_2_17_x86_64.manylinux_2_28_x86_64.whl (22 kB)
Installing collected packages: packaging, MarkupSafe, itsdangerous, click, blinker, Werkzeug, Jinja2, gunicorn, flask
Successfully installed Jinja2-3.1.6 MarkupSafe-3.0.3 Werkzeug-3.1.8 blinker-1.9.0 click-8.4.1 flask-3.0.0 gunicorn-23.0.0 itsdangerous-2.2.0 packaging-26.2
[91mWARNING: Running pip as the 'root' user can result in broken permissions and conflicting behaviour with the system package manager, possibly rendering your system unusable. It is recommended to use a virtual environment instead: https://pip.pypa.io/warnings/venv. Use the --root-user-action option if you know what you are doing and want to suppress this warning.
[0m[91m
[notice] A new release of pip is available: 25.0.1 -> 26.1.1
[notice] To update, run: pip install --upgrade pip
[0m ---> Removed intermediate container ad2d88e2488d
 ---> facbfa1c9a7e
Step 9/15 : COPY . .
 ---> 627d17d9b770
Step 10/15 : RUN chown -R pythonuser:pythonuser /app
 ---> Running in 96eb24b7e178
 ---> Removed intermediate container 96eb24b7e178
 ---> 773bc0e86573
Step 11/15 : USER pythonuser
 ---> Running in 165951a761c4
 ---> Removed intermediate container 165951a761c4
 ---> 857dca6a033d
Step 12/15 : EXPOSE 8000
 ---> Running in 0b3c28848114
 ---> Removed intermediate container 0b3c28848114
 ---> 6444c2141f9f
Step 13/15 : CMD ["gunicorn", "--bind", "0.0.0.0:8000", "app:app"]
 ---> Running in 597fc9ee5f5d
 ---> Removed intermediate container 597fc9ee5f5d
 ---> 77f46b396022
Step 14/15 : HEALTHCHECK CMD curl -f http://localhost:8000/ || exit 1
 ---> Running in 62838e4568b6
 ---> Removed intermediate container 62838e4568b6
 ---> 2e1225970c89
Step 15/15 : ENV REQUIRED_SECRET=default_value
 ---> Running in d9f984261a29
 ---> Removed intermediate container d9f984261a29
 ---> ffd57da7158d
Successfully built ffd57da7158d
Successfully tagged autodock-20260530-144225:latest

DEPRECATED: The legacy builder is deprecated and will be removed in a future release.
            Install the buildx component to build images with BuildKit:
            https://docs.docker.com/go/buildx/

