Sending build context to Docker daemon  345.1kB

Step 1/10 : FROM node:20-slim
 ---> 2cf067cfed83
Step 2/10 : WORKDIR /app
 ---> Using cache
 ---> 10e1e012530e
Step 3/10 : COPY package.json package-lock.json ./
 ---> 4296bfeedbae
Step 4/10 : RUN npm install
 ---> Running in 02b9d95df0d8
[91mnpm warn deprecated inflight@1.0.6: This module is not supported, and leaks memory. Do not use it. Check out lru-cache if you want a good and tested way to coalesce async requests by a key value, which is much more comprehensive and powerful.
[0m[91mnpm warn deprecated glob@7.2.3: Old versions of glob are not supported, and contain widely publicized security vulnerabilities, which have been fixed in the current version. Please update. Support for old versions may be purchased (at exorbitant rates) by contacting i@izs.me
[0m[91mnpm warn deprecated glob@10.5.0: Old versions of glob are not supported, and contain widely publicized security vulnerabilities, which have been fixed in the current version. Please update. Support for old versions may be purchased (at exorbitant rates) by contacting i@izs.me
[0m
added 356 packages, and audited 357 packages in 34s

62 packages are looking for funding
  run `npm fund` for details

found 0 vulnerabilities
[91mnpm notice
npm notice New major version of npm available! 10.8.2 -> 11.16.0
npm notice Changelog: https://github.com/npm/cli/releases/tag/v11.16.0
npm notice To update run: npm install -g npm@11.16.0
npm notice
[0m ---> Removed intermediate container 02b9d95df0d8
 ---> d551b1063f58
Step 5/10 : COPY . .
 ---> cdf600babd3e
Step 6/10 : RUN chown -R node:node /app
 ---> Running in 9b9e5299a16d
 ---> Removed intermediate container 9b9e5299a16d
 ---> 18bc8e280cb8
Step 7/10 : USER node
 ---> Running in 146f8fe9131d
 ---> Removed intermediate container 146f8fe9131d
 ---> d54ab8eabae4
Step 8/10 : ENV PORT=5006
 ---> Running in 4ea3fa960034
 ---> Removed intermediate container 4ea3fa960034
 ---> 62e68678f44f
Step 9/10 : EXPOSE 5006
 ---> Running in 72805a58776e
 ---> Removed intermediate container 72805a58776e
 ---> da87612800d4
Step 10/10 : CMD ["npm", "start"]
 ---> Running in 1e49a953ca95
 ---> Removed intermediate container 1e49a953ca95
 ---> cf386606e387
Successfully built cf386606e387
Successfully tagged autodock-20260530-024657:latest

DEPRECATED: The legacy builder is deprecated and will be removed in a future release.
            Install the buildx component to build images with BuildKit:
            https://docs.docker.com/go/buildx/

