
#0 building with "default" instance using docker driver

#1 [internal] load build definition from Dockerfile
#1 transferring dockerfile: 498B done
#1 DONE 0.0s

#2 [internal] load metadata for docker.io/library/python:3.9-slim
#2 DONE 0.7s

#3 [internal] load .dockerignore
#3 transferring context: 2B done
#3 DONE 0.0s

#4 [1/8] FROM docker.io/library/python:3.9-slim@sha256:2d97f6910b16bd338d3060f261f53f144965f755599aab1acda1e13cf1731b1b
#4 resolve docker.io/library/python:3.9-slim@sha256:2d97f6910b16bd338d3060f261f53f144965f755599aab1acda1e13cf1731b1b 0.0s done
#4 DONE 0.0s

#5 [internal] load build context
#5 transferring context: 3.66kB done
#5 DONE 0.0s

#6 [2/8] RUN groupadd -r app && useradd -r -g app app
#6 CACHED

#7 [3/8] WORKDIR /app
#7 CACHED

#8 [4/8] COPY requirements.txt .
#8 CACHED

#9 [5/8] RUN pip install --no-cache-dir -r requirements.txt
#9 CACHED

#10 [6/8] COPY . .
#10 DONE 0.0s

#11 [7/8] RUN apt-get update && apt-get install -y curl && rm -rf /var/lib/apt/lists/*
#11 0.412 Get:1 http://deb.debian.org/debian trixie InRelease [140 kB]
#11 0.437 Get:2 http://deb.debian.org/debian trixie-updates InRelease [47.3 kB]
#11 0.438 Get:3 http://deb.debian.org/debian-security trixie-security InRelease [43.4 kB]
#11 0.501 Get:4 http://deb.debian.org/debian trixie/main amd64 Packages [9671 kB]
#11 0.575 Get:5 http://deb.debian.org/debian trixie-updates/main amd64 Packages [5412 B]
#11 0.577 Get:6 http://deb.debian.org/debian-security trixie-security/main amd64 Packages [175 kB]
#11 1.278 Fetched 10.1 MB in 1s (10.3 MB/s)
#11 1.278 Reading package lists...
#11 2.005 Reading package lists...
#11 2.709 Building dependency tree...
#11 2.880 Reading state information...
#11 3.007 The following additional packages will be installed:
#11 3.007   bash-completion krb5-locales libbrotli1 libcom-err2 libcurl4t64
#11 3.007   libgnutls30t64 libgssapi-krb5-2 libidn2-0 libk5crypto3 libkeyutils1
#11 3.007   libkrb5-3 libkrb5support0 libldap-common libldap2 libnghttp2-14 libnghttp3-9
#11 3.008   libp11-kit0 libpsl5t64 librtmp1 libsasl2-2 libsasl2-modules
#11 3.008   libsasl2-modules-db libssh2-1t64 libtasn1-6 libunistring5 publicsuffix
#11 3.009 Suggested packages:
#11 3.009   gnutls-bin krb5-doc krb5-user libsasl2-modules-gssapi-mit
#11 3.009   | libsasl2-modules-gssapi-heimdal libsasl2-modules-ldap libsasl2-modules-otp
#11 3.009   libsasl2-modules-sql
#11 3.194 The following NEW packages will be installed:
#11 3.195   bash-completion curl krb5-locales libbrotli1 libcom-err2 libcurl4t64
#11 3.195   libgnutls30t64 libgssapi-krb5-2 libidn2-0 libk5crypto3 libkeyutils1
#11 3.195   libkrb5-3 libkrb5support0 libldap-common libldap2 libnghttp2-14 libnghttp3-9
#11 3.195   libp11-kit0 libpsl5t64 librtmp1 libsasl2-2 libsasl2-modules
#11 3.195   libsasl2-modules-db libssh2-1t64 libtasn1-6 libunistring5 publicsuffix
#11 3.418 0 upgraded, 27 newly installed, 0 to remove and 15 not upgraded.
#11 3.418 Need to get 5704 kB of archives.
#11 3.418 After this operation, 18.3 MB of additional disk space will be used.
#11 3.418 Get:1 http://deb.debian.org/debian trixie/main amd64 bash-completion all 1:2.16.0-7 [319 kB]
#11 3.431 Get:2 http://deb.debian.org/debian-security trixie-security/main amd64 krb5-locales all 1.21.3-5+deb13u1 [101 kB]
#11 3.435 Get:3 http://deb.debian.org/debian trixie/main amd64 libbrotli1 amd64 1.1.0-2+b7 [307 kB]
#11 3.437 Get:4 http://deb.debian.org/debian-security trixie-security/main amd64 libkrb5support0 amd64 1.21.3-5+deb13u1 [33.1 kB]
#11 3.438 Get:5 http://deb.debian.org/debian trixie/main amd64 libcom-err2 amd64 1.47.2-3+b11 [25.0 kB]
#11 3.439 Get:6 http://deb.debian.org/debian-security trixie-security/main amd64 libk5crypto3 amd64 1.21.3-5+deb13u1 [81.2 kB]
#11 3.440 Get:7 http://deb.debian.org/debian trixie/main amd64 libkeyutils1 amd64 1.6.3-6 [9456 B]
#11 3.440 Get:8 http://deb.debian.org/debian-security trixie-security/main amd64 libkrb5-3 amd64 1.21.3-5+deb13u1 [326 kB]
#11 3.442 Get:9 http://deb.debian.org/debian-security trixie-security/main amd64 libgssapi-krb5-2 amd64 1.21.3-5+deb13u1 [138 kB]
#11 3.443 Get:10 http://deb.debian.org/debian trixie/main amd64 libunistring5 amd64 1.3-2 [477 kB]
#11 3.447 Get:11 http://deb.debian.org/debian trixie/main amd64 libidn2-0 amd64 2.3.8-2 [109 kB]
#11 3.447 Get:12 http://deb.debian.org/debian trixie/main amd64 libsasl2-modules-db amd64 2.1.28+dfsg1-9 [19.8 kB]
#11 3.447 Get:13 http://deb.debian.org/debian trixie/main amd64 libsasl2-2 amd64 2.1.28+dfsg1-9 [57.5 kB]
#11 3.447 Get:14 http://deb.debian.org/debian trixie/main amd64 libldap2 amd64 2.6.10+dfsg-1 [194 kB]
#11 3.450 Get:15 http://deb.debian.org/debian-security trixie-security/main amd64 libnghttp2-14 amd64 1.64.0-1.1+deb13u1 [76.2 kB]
#11 3.450 Get:16 http://deb.debian.org/debian trixie/main amd64 libnghttp3-9 amd64 1.8.0-1 [67.7 kB]
#11 3.450 Get:17 http://deb.debian.org/debian trixie/main amd64 libpsl5t64 amd64 0.21.2-1.1+b1 [57.2 kB]
#11 3.450 Get:18 http://deb.debian.org/debian trixie/main amd64 libp11-kit0 amd64 0.25.5-3 [425 kB]
#11 3.451 Get:19 http://deb.debian.org/debian trixie/main amd64 libtasn1-6 amd64 4.20.0-2 [49.9 kB]
#11 3.452 Get:20 http://deb.debian.org/debian-security trixie-security/main amd64 libgnutls30t64 amd64 3.8.9-3+deb13u4 [1469 kB]
#11 3.506 Get:21 http://deb.debian.org/debian trixie/main amd64 librtmp1 amd64 2.4+20151223.gitfa8646d.1-2+b5 [58.8 kB]
#11 3.506 Get:22 http://deb.debian.org/debian trixie/main amd64 libssh2-1t64 amd64 1.11.1-1 [245 kB]
#11 3.506 Get:23 http://deb.debian.org/debian trixie/main amd64 libcurl4t64 amd64 8.14.1-2+deb13u3 [391 kB]
#11 3.506 Get:24 http://deb.debian.org/debian trixie/main amd64 curl amd64 8.14.1-2+deb13u3 [270 kB]
#11 3.506 Get:25 http://deb.debian.org/debian trixie/main amd64 libldap-common all 2.6.10+dfsg-1 [35.1 kB]
#11 3.506 Get:26 http://deb.debian.org/debian trixie/main amd64 libsasl2-modules amd64 2.1.28+dfsg1-9 [66.7 kB]
#11 3.506 Get:27 http://deb.debian.org/debian trixie/main amd64 publicsuffix all 20250328.1952-0.1 [296 kB]
#11 3.729 debconf: unable to initialize frontend: Dialog
#11 3.729 debconf: (TERM is not set, so the dialog frontend is not usable.)
#11 3.729 debconf: falling back to frontend: Readline
#11 3.730 debconf: unable to initialize frontend: Readline
#11 3.730 debconf: (Can't locate Term/ReadLine.pm in @INC (you may need to install the Term::ReadLine module) (@INC entries checked: /etc/perl /usr/local/lib/x86_64-linux-gnu/perl/5.40.1 /usr/local/share/perl/5.40.1 /usr/lib/x86_64-linux-gnu/perl5/5.40 /usr/share/perl5 /usr/lib/x86_64-linux-gnu/perl-base /usr/lib/x86_64-linux-gnu/perl/5.40 /usr/share/perl/5.40 /usr/local/lib/site_perl) at /usr/share/perl5/Debconf/FrontEnd/Readline.pm line 8, <STDIN> line 27.)
#11 3.730 debconf: falling back to frontend: Teletype
#11 3.736 debconf: unable to initialize frontend: Teletype
#11 3.736 debconf: (This frontend requires a controlling tty.)
#11 3.736 debconf: falling back to frontend: Noninteractive
#11 4.395 Fetched 5704 kB in 0s (20.2 MB/s)
#11 4.425 Selecting previously unselected package bash-completion.
#11 4.425 (Reading database ... 
(Reading database ... 5%
(Reading database ... 10%
(Reading database ... 15%
(Reading database ... 20%
(Reading database ... 25%
(Reading database ... 30%
(Reading database ... 35%
(Reading database ... 40%
(Reading database ... 45%
(Reading database ... 50%
(Reading database ... 55%
(Reading database ... 60%
(Reading database ... 65%
(Reading database ... 70%
(Reading database ... 75%
(Reading database ... 80%
(Reading database ... 85%
(Reading database ... 90%
(Reading database ... 95%
(Reading database ... 100%
(Reading database ... 5644 files and directories currently installed.)
#11 4.432 Preparing to unpack .../00-bash-completion_1%3a2.16.0-7_all.deb ...
#11 4.435 Unpacking bash-completion (1:2.16.0-7) ...
#11 4.722 Selecting previously unselected package krb5-locales.
#11 4.724 Preparing to unpack .../01-krb5-locales_1.21.3-5+deb13u1_all.deb ...
#11 4.726 Unpacking krb5-locales (1.21.3-5+deb13u1) ...
#11 4.759 Selecting previously unselected package libbrotli1:amd64.
#11 4.761 Preparing to unpack .../02-libbrotli1_1.1.0-2+b7_amd64.deb ...
#11 4.766 Unpacking libbrotli1:amd64 (1.1.0-2+b7) ...
#11 4.813 Selecting previously unselected package libkrb5support0:amd64.
#11 4.813 Preparing to unpack .../03-libkrb5support0_1.21.3-5+deb13u1_amd64.deb ...
#11 4.816 Unpacking libkrb5support0:amd64 (1.21.3-5+deb13u1) ...
#11 4.847 Selecting previously unselected package libcom-err2:amd64.
#11 4.848 Preparing to unpack .../04-libcom-err2_1.47.2-3+b11_amd64.deb ...
#11 4.852 Unpacking libcom-err2:amd64 (1.47.2-3+b11) ...
#11 4.882 Selecting previously unselected package libk5crypto3:amd64.
#11 4.882 Preparing to unpack .../05-libk5crypto3_1.21.3-5+deb13u1_amd64.deb ...
#11 4.884 Unpacking libk5crypto3:amd64 (1.21.3-5+deb13u1) ...
#11 4.919 Selecting previously unselected package libkeyutils1:amd64.
#11 4.919 Preparing to unpack .../06-libkeyutils1_1.6.3-6_amd64.deb ...
#11 4.922 Unpacking libkeyutils1:amd64 (1.6.3-6) ...
#11 4.955 Selecting previously unselected package libkrb5-3:amd64.
#11 4.961 Preparing to unpack .../07-libkrb5-3_1.21.3-5+deb13u1_amd64.deb ...
#11 5.003 Unpacking libkrb5-3:amd64 (1.21.3-5+deb13u1) ...
#11 5.061 Selecting previously unselected package libgssapi-krb5-2:amd64.
#11 5.062 Preparing to unpack .../08-libgssapi-krb5-2_1.21.3-5+deb13u1_amd64.deb ...
#11 5.066 Unpacking libgssapi-krb5-2:amd64 (1.21.3-5+deb13u1) ...
#11 5.102 Selecting previously unselected package libunistring5:amd64.
#11 5.103 Preparing to unpack .../09-libunistring5_1.3-2_amd64.deb ...
#11 5.107 Unpacking libunistring5:amd64 (1.3-2) ...
#11 5.161 Selecting previously unselected package libidn2-0:amd64.
#11 5.163 Preparing to unpack .../10-libidn2-0_2.3.8-2_amd64.deb ...
#11 5.166 Unpacking libidn2-0:amd64 (2.3.8-2) ...
#11 5.199 Selecting previously unselected package libsasl2-modules-db:amd64.
#11 5.201 Preparing to unpack .../11-libsasl2-modules-db_2.1.28+dfsg1-9_amd64.deb ...
#11 5.203 Unpacking libsasl2-modules-db:amd64 (2.1.28+dfsg1-9) ...
#11 5.232 Selecting previously unselected package libsasl2-2:amd64.
#11 5.234 Preparing to unpack .../12-libsasl2-2_2.1.28+dfsg1-9_amd64.deb ...
#11 5.237 Unpacking libsasl2-2:amd64 (2.1.28+dfsg1-9) ...
#11 5.269 Selecting previously unselected package libldap2:amd64.
#11 5.271 Preparing to unpack .../13-libldap2_2.6.10+dfsg-1_amd64.deb ...
#11 5.274 Unpacking libldap2:amd64 (2.6.10+dfsg-1) ...
#11 5.342 Selecting previously unselected package libnghttp2-14:amd64.
#11 5.345 Preparing to unpack .../14-libnghttp2-14_1.64.0-1.1+deb13u1_amd64.deb ...
#11 5.348 Unpacking libnghttp2-14:amd64 (1.64.0-1.1+deb13u1) ...
#11 5.395 Selecting previously unselected package libnghttp3-9:amd64.
#11 5.397 Preparing to unpack .../15-libnghttp3-9_1.8.0-1_amd64.deb ...
#11 5.400 Unpacking libnghttp3-9:amd64 (1.8.0-1) ...
#11 5.432 Selecting previously unselected package libpsl5t64:amd64.
#11 5.434 Preparing to unpack .../16-libpsl5t64_0.21.2-1.1+b1_amd64.deb ...
#11 5.437 Unpacking libpsl5t64:amd64 (0.21.2-1.1+b1) ...
#11 5.468 Selecting previously unselected package libp11-kit0:amd64.
#11 5.469 Preparing to unpack .../17-libp11-kit0_0.25.5-3_amd64.deb ...
#11 5.472 Unpacking libp11-kit0:amd64 (0.25.5-3) ...
#11 5.519 Selecting previously unselected package libtasn1-6:amd64.
#11 5.520 Preparing to unpack .../18-libtasn1-6_4.20.0-2_amd64.deb ...
#11 5.523 Unpacking libtasn1-6:amd64 (4.20.0-2) ...
#11 5.560 Selecting previously unselected package libgnutls30t64:amd64.
#11 5.562 Preparing to unpack .../19-libgnutls30t64_3.8.9-3+deb13u4_amd64.deb ...
#11 5.565 Unpacking libgnutls30t64:amd64 (3.8.9-3+deb13u4) ...
#11 5.707 Selecting previously unselected package librtmp1:amd64.
#11 5.707 Preparing to unpack .../20-librtmp1_2.4+20151223.gitfa8646d.1-2+b5_amd64.deb ...
#11 5.707 Unpacking librtmp1:amd64 (2.4+20151223.gitfa8646d.1-2+b5) ...
#11 5.731 Selecting previously unselected package libssh2-1t64:amd64.
#11 5.732 Preparing to unpack .../21-libssh2-1t64_1.11.1-1_amd64.deb ...
#11 5.734 Unpacking libssh2-1t64:amd64 (1.11.1-1) ...
#11 5.771 Selecting previously unselected package libcurl4t64:amd64.
#11 5.772 Preparing to unpack .../22-libcurl4t64_8.14.1-2+deb13u3_amd64.deb ...
#11 5.775 Unpacking libcurl4t64:amd64 (8.14.1-2+deb13u3) ...
#11 5.819 Selecting previously unselected package curl.
#11 5.819 Preparing to unpack .../23-curl_8.14.1-2+deb13u3_amd64.deb ...
#11 5.823 Unpacking curl (8.14.1-2+deb13u3) ...
#11 5.864 Selecting previously unselected package libldap-common.
#11 5.864 Preparing to unpack .../24-libldap-common_2.6.10+dfsg-1_all.deb ...
#11 5.866 Unpacking libldap-common (2.6.10+dfsg-1) ...
#11 5.898 Selecting previously unselected package libsasl2-modules:amd64.
#11 5.899 Preparing to unpack .../25-libsasl2-modules_2.1.28+dfsg1-9_amd64.deb ...
#11 5.910 Unpacking libsasl2-modules:amd64 (2.1.28+dfsg1-9) ...
#11 5.944 Selecting previously unselected package publicsuffix.
#11 5.944 Preparing to unpack .../26-publicsuffix_20250328.1952-0.1_all.deb ...
#11 5.947 Unpacking publicsuffix (20250328.1952-0.1) ...
#11 6.037 Setting up libkeyutils1:amd64 (1.6.3-6) ...
#11 6.048 Setting up libbrotli1:amd64 (1.1.0-2+b7) ...
#11 6.057 Setting up libsasl2-modules:amd64 (2.1.28+dfsg1-9) ...
#11 6.072 Setting up libnghttp2-14:amd64 (1.64.0-1.1+deb13u1) ...
#11 6.080 Setting up krb5-locales (1.21.3-5+deb13u1) ...
#11 6.088 Setting up libcom-err2:amd64 (1.47.2-3+b11) ...
#11 6.096 Setting up libldap-common (2.6.10+dfsg-1) ...
#11 6.107 Setting up libkrb5support0:amd64 (1.21.3-5+deb13u1) ...
#11 6.114 Setting up libsasl2-modules-db:amd64 (2.1.28+dfsg1-9) ...
#11 6.121 Setting up bash-completion (1:2.16.0-7) ...
#11 6.136 Setting up libp11-kit0:amd64 (0.25.5-3) ...
#11 6.145 Setting up libunistring5:amd64 (1.3-2) ...
#11 6.152 Setting up libk5crypto3:amd64 (1.21.3-5+deb13u1) ...
#11 6.160 Setting up libsasl2-2:amd64 (2.1.28+dfsg1-9) ...
#11 6.168 Setting up libnghttp3-9:amd64 (1.8.0-1) ...
#11 6.175 Setting up libtasn1-6:amd64 (4.20.0-2) ...
#11 6.183 Setting up libkrb5-3:amd64 (1.21.3-5+deb13u1) ...
#11 6.191 Setting up libssh2-1t64:amd64 (1.11.1-1) ...
#11 6.200 Setting up publicsuffix (20250328.1952-0.1) ...
#11 6.208 Setting up libldap2:amd64 (2.6.10+dfsg-1) ...
#11 6.215 Setting up libidn2-0:amd64 (2.3.8-2) ...
#11 6.223 Setting up libgssapi-krb5-2:amd64 (1.21.3-5+deb13u1) ...
#11 6.237 Setting up libgnutls30t64:amd64 (3.8.9-3+deb13u4) ...
#11 6.244 Setting up libpsl5t64:amd64 (0.21.2-1.1+b1) ...
#11 6.250 Setting up librtmp1:amd64 (2.4+20151223.gitfa8646d.1-2+b5) ...
#11 6.259 Setting up libcurl4t64:amd64 (8.14.1-2+deb13u3) ...
#11 6.267 Setting up curl (8.14.1-2+deb13u3) ...
#11 6.275 Processing triggers for libc-bin (2.41-12) ...
#11 DONE 6.7s

#12 [8/8] RUN sed -i 's/8501/8000/g' app.py
#12 0.241 sed: couldn't open temporary file ./sednFrMOb: Permission denied
#12 ERROR: process "/bin/sh -c sed -i 's/8501/8000/g' app.py" did not complete successfully: exit code: 4
------
 > [8/8] RUN sed -i 's/8501/8000/g' app.py:
0.241 sed: couldn't open temporary file ./sednFrMOb: Permission denied
------
Dockerfile:25
--------------------
  23 |     
  24 |     ENV APP_COLOR=blue 
  25 | >>> RUN sed -i 's/8501/8000/g' app.py
--------------------
ERROR: failed to build: failed to solve: process "/bin/sh -c sed -i 's/8501/8000/g' app.py" did not complete successfully: exit code: 4
