
#0 building with "default" instance using docker driver

#1 [internal] load build definition from Dockerfile
#1 transferring dockerfile: 525B done
#1 DONE 0.0s

#2 [internal] load metadata for docker.io/library/python:3.9-slim
#2 DONE 0.3s

#3 [internal] load .dockerignore
#3 transferring context: 2B done
#3 DONE 0.0s

#4 [1/9] FROM docker.io/library/python:3.9-slim@sha256:2d97f6910b16bd338d3060f261f53f144965f755599aab1acda1e13cf1731b1b
#4 resolve docker.io/library/python:3.9-slim@sha256:2d97f6910b16bd338d3060f261f53f144965f755599aab1acda1e13cf1731b1b 0.0s done
#4 DONE 0.0s

#5 [internal] load build context
#5 transferring context: 3.69kB done
#5 DONE 0.0s

#6 [3/9] WORKDIR /app
#6 CACHED

#7 [2/9] RUN groupadd -r app && useradd -r -g app app
#7 CACHED

#8 [4/9] COPY requirements.txt .
#8 CACHED

#9 [5/9] RUN pip install --no-cache-dir -r requirements.txt
#9 CACHED

#10 [6/9] COPY . .
#10 DONE 0.0s

#11 [7/9] RUN apt-get update && apt-get install -y curl && rm -rf /var/lib/apt/lists/*
#11 0.357 Get:1 http://deb.debian.org/debian trixie InRelease [140 kB]
#11 0.377 Get:2 http://deb.debian.org/debian trixie-updates InRelease [47.3 kB]
#11 0.377 Get:3 http://deb.debian.org/debian-security trixie-security InRelease [43.4 kB]
#11 0.412 Get:4 http://deb.debian.org/debian trixie/main amd64 Packages [9671 kB]
#11 0.517 Get:5 http://deb.debian.org/debian trixie-updates/main amd64 Packages [5412 B]
#11 0.519 Get:6 http://deb.debian.org/debian-security trixie-security/main amd64 Packages [175 kB]
#11 1.232 Fetched 10.1 MB in 1s (11.0 MB/s)
#11 1.232 Reading package lists...
#11 1.983 Reading package lists...
#11 2.614 Building dependency tree...
#11 2.733 Reading state information...
#11 2.907 The following additional packages will be installed:
#11 2.908   bash-completion krb5-locales libbrotli1 libcom-err2 libcurl4t64
#11 2.908   libgnutls30t64 libgssapi-krb5-2 libidn2-0 libk5crypto3 libkeyutils1
#11 2.908   libkrb5-3 libkrb5support0 libldap-common libldap2 libnghttp2-14 libnghttp3-9
#11 2.909   libp11-kit0 libpsl5t64 librtmp1 libsasl2-2 libsasl2-modules
#11 2.909   libsasl2-modules-db libssh2-1t64 libtasn1-6 libunistring5 publicsuffix
#11 2.910 Suggested packages:
#11 2.910   gnutls-bin krb5-doc krb5-user libsasl2-modules-gssapi-mit
#11 2.910   | libsasl2-modules-gssapi-heimdal libsasl2-modules-ldap libsasl2-modules-otp
#11 2.910   libsasl2-modules-sql
#11 3.045 The following NEW packages will be installed:
#11 3.045   bash-completion curl krb5-locales libbrotli1 libcom-err2 libcurl4t64
#11 3.046   libgnutls30t64 libgssapi-krb5-2 libidn2-0 libk5crypto3 libkeyutils1
#11 3.046   libkrb5-3 libkrb5support0 libldap-common libldap2 libnghttp2-14 libnghttp3-9
#11 3.046   libp11-kit0 libpsl5t64 librtmp1 libsasl2-2 libsasl2-modules
#11 3.046   libsasl2-modules-db libssh2-1t64 libtasn1-6 libunistring5 publicsuffix
#11 3.249 0 upgraded, 27 newly installed, 0 to remove and 15 not upgraded.
#11 3.249 Need to get 5704 kB of archives.
#11 3.249 After this operation, 18.3 MB of additional disk space will be used.
#11 3.249 Get:1 http://deb.debian.org/debian trixie/main amd64 bash-completion all 1:2.16.0-7 [319 kB]
#11 3.263 Get:2 http://deb.debian.org/debian-security trixie-security/main amd64 krb5-locales all 1.21.3-5+deb13u1 [101 kB]
#11 3.265 Get:3 http://deb.debian.org/debian trixie/main amd64 libbrotli1 amd64 1.1.0-2+b7 [307 kB]
#11 3.268 Get:4 http://deb.debian.org/debian-security trixie-security/main amd64 libkrb5support0 amd64 1.21.3-5+deb13u1 [33.1 kB]
#11 3.269 Get:5 http://deb.debian.org/debian trixie/main amd64 libcom-err2 amd64 1.47.2-3+b11 [25.0 kB]
#11 3.269 Get:6 http://deb.debian.org/debian-security trixie-security/main amd64 libk5crypto3 amd64 1.21.3-5+deb13u1 [81.2 kB]
#11 3.270 Get:7 http://deb.debian.org/debian trixie/main amd64 libkeyutils1 amd64 1.6.3-6 [9456 B]
#11 3.270 Get:8 http://deb.debian.org/debian-security trixie-security/main amd64 libkrb5-3 amd64 1.21.3-5+deb13u1 [326 kB]
#11 3.273 Get:9 http://deb.debian.org/debian-security trixie-security/main amd64 libgssapi-krb5-2 amd64 1.21.3-5+deb13u1 [138 kB]
#11 3.273 Get:10 http://deb.debian.org/debian trixie/main amd64 libunistring5 amd64 1.3-2 [477 kB]
#11 3.276 Get:11 http://deb.debian.org/debian trixie/main amd64 libidn2-0 amd64 2.3.8-2 [109 kB]
#11 3.276 Get:12 http://deb.debian.org/debian trixie/main amd64 libsasl2-modules-db amd64 2.1.28+dfsg1-9 [19.8 kB]
#11 3.278 Get:13 http://deb.debian.org/debian trixie/main amd64 libsasl2-2 amd64 2.1.28+dfsg1-9 [57.5 kB]
#11 3.278 Get:14 http://deb.debian.org/debian trixie/main amd64 libldap2 amd64 2.6.10+dfsg-1 [194 kB]
#11 3.280 Get:15 http://deb.debian.org/debian-security trixie-security/main amd64 libnghttp2-14 amd64 1.64.0-1.1+deb13u1 [76.2 kB]
#11 3.280 Get:16 http://deb.debian.org/debian trixie/main amd64 libnghttp3-9 amd64 1.8.0-1 [67.7 kB]
#11 3.281 Get:17 http://deb.debian.org/debian trixie/main amd64 libpsl5t64 amd64 0.21.2-1.1+b1 [57.2 kB]
#11 3.282 Get:18 http://deb.debian.org/debian trixie/main amd64 libp11-kit0 amd64 0.25.5-3 [425 kB]
#11 3.287 Get:19 http://deb.debian.org/debian trixie/main amd64 libtasn1-6 amd64 4.20.0-2 [49.9 kB]
#11 3.287 Get:20 http://deb.debian.org/debian-security trixie-security/main amd64 libgnutls30t64 amd64 3.8.9-3+deb13u4 [1469 kB]
#11 3.291 Get:21 http://deb.debian.org/debian trixie/main amd64 librtmp1 amd64 2.4+20151223.gitfa8646d.1-2+b5 [58.8 kB]
#11 3.292 Get:22 http://deb.debian.org/debian trixie/main amd64 libssh2-1t64 amd64 1.11.1-1 [245 kB]
#11 3.294 Get:23 http://deb.debian.org/debian trixie/main amd64 libcurl4t64 amd64 8.14.1-2+deb13u3 [391 kB]
#11 3.297 Get:24 http://deb.debian.org/debian trixie/main amd64 curl amd64 8.14.1-2+deb13u3 [270 kB]
#11 3.297 Get:25 http://deb.debian.org/debian trixie/main amd64 libldap-common all 2.6.10+dfsg-1 [35.1 kB]
#11 3.297 Get:26 http://deb.debian.org/debian trixie/main amd64 libsasl2-modules amd64 2.1.28+dfsg1-9 [66.7 kB]
#11 3.297 Get:27 http://deb.debian.org/debian trixie/main amd64 publicsuffix all 20250328.1952-0.1 [296 kB]
#11 3.535 debconf: unable to initialize frontend: Dialog
#11 3.535 debconf: (TERM is not set, so the dialog frontend is not usable.)
#11 3.535 debconf: falling back to frontend: Readline
#11 3.536 debconf: unable to initialize frontend: Readline
#11 3.536 debconf: (Can't locate Term/ReadLine.pm in @INC (you may need to install the Term::ReadLine module) (@INC entries checked: /etc/perl /usr/local/lib/x86_64-linux-gnu/perl/5.40.1 /usr/local/share/perl/5.40.1 /usr/lib/x86_64-linux-gnu/perl5/5.40 /usr/share/perl5 /usr/lib/x86_64-linux-gnu/perl-base /usr/lib/x86_64-linux-gnu/perl/5.40 /usr/share/perl/5.40 /usr/local/lib/site_perl) at /usr/share/perl5/Debconf/FrontEnd/Readline.pm line 8, <STDIN> line 27.)
#11 3.536 debconf: falling back to frontend: Teletype
#11 3.543 debconf: unable to initialize frontend: Teletype
#11 3.543 debconf: (This frontend requires a controlling tty.)
#11 3.543 debconf: falling back to frontend: Noninteractive
#11 4.097 Fetched 5704 kB in 0s (23.7 MB/s)
#11 4.128 Selecting previously unselected package bash-completion.
#11 4.128 (Reading database ... 
(Reading database ... 5%
(Reading database ... 10%
(Reading database ... 15%
(Reading database ... 20%
(Reading database ... 25%
(Reading database ... 30%
(Reading database ... 35%
(Reading database ... 40%
(Reading database ... 45%
(Reading database ... 50%
(Reading database ... 55%
(Reading database ... 60%
(Reading database ... 65%
(Reading database ... 70%
(Reading database ... 75%
(Reading database ... 80%
(Reading database ... 85%
(Reading database ... 90%
(Reading database ... 95%
(Reading database ... 100%
(Reading database ... 5644 files and directories currently installed.)
#11 4.135 Preparing to unpack .../00-bash-completion_1%3a2.16.0-7_all.deb ...
#11 4.138 Unpacking bash-completion (1:2.16.0-7) ...
#11 4.447 Selecting previously unselected package krb5-locales.
#11 4.450 Preparing to unpack .../01-krb5-locales_1.21.3-5+deb13u1_all.deb ...
#11 4.454 Unpacking krb5-locales (1.21.3-5+deb13u1) ...
#11 4.534 Selecting previously unselected package libbrotli1:amd64.
#11 4.537 Preparing to unpack .../02-libbrotli1_1.1.0-2+b7_amd64.deb ...
#11 4.543 Unpacking libbrotli1:amd64 (1.1.0-2+b7) ...
#11 4.595 Selecting previously unselected package libkrb5support0:amd64.
#11 4.596 Preparing to unpack .../03-libkrb5support0_1.21.3-5+deb13u1_amd64.deb ...
#11 4.601 Unpacking libkrb5support0:amd64 (1.21.3-5+deb13u1) ...
#11 4.641 Selecting previously unselected package libcom-err2:amd64.
#11 4.643 Preparing to unpack .../04-libcom-err2_1.47.2-3+b11_amd64.deb ...
#11 4.646 Unpacking libcom-err2:amd64 (1.47.2-3+b11) ...
#11 4.680 Selecting previously unselected package libk5crypto3:amd64.
#11 4.681 Preparing to unpack .../05-libk5crypto3_1.21.3-5+deb13u1_amd64.deb ...
#11 4.684 Unpacking libk5crypto3:amd64 (1.21.3-5+deb13u1) ...
#11 4.721 Selecting previously unselected package libkeyutils1:amd64.
#11 4.722 Preparing to unpack .../06-libkeyutils1_1.6.3-6_amd64.deb ...
#11 4.726 Unpacking libkeyutils1:amd64 (1.6.3-6) ...
#11 4.759 Selecting previously unselected package libkrb5-3:amd64.
#11 4.760 Preparing to unpack .../07-libkrb5-3_1.21.3-5+deb13u1_amd64.deb ...
#11 4.763 Unpacking libkrb5-3:amd64 (1.21.3-5+deb13u1) ...
#11 4.813 Selecting previously unselected package libgssapi-krb5-2:amd64.
#11 4.815 Preparing to unpack .../08-libgssapi-krb5-2_1.21.3-5+deb13u1_amd64.deb ...
#11 4.818 Unpacking libgssapi-krb5-2:amd64 (1.21.3-5+deb13u1) ...
#11 4.900 Selecting previously unselected package libunistring5:amd64.
#11 4.904 Preparing to unpack .../09-libunistring5_1.3-2_amd64.deb ...
#11 4.910 Unpacking libunistring5:amd64 (1.3-2) ...
#11 4.968 Selecting previously unselected package libidn2-0:amd64.
#11 4.970 Preparing to unpack .../10-libidn2-0_2.3.8-2_amd64.deb ...
#11 4.973 Unpacking libidn2-0:amd64 (2.3.8-2) ...
#11 5.010 Selecting previously unselected package libsasl2-modules-db:amd64.
#11 5.011 Preparing to unpack .../11-libsasl2-modules-db_2.1.28+dfsg1-9_amd64.deb ...
#11 5.014 Unpacking libsasl2-modules-db:amd64 (2.1.28+dfsg1-9) ...
#11 5.058 Selecting previously unselected package libsasl2-2:amd64.
#11 5.059 Preparing to unpack .../12-libsasl2-2_2.1.28+dfsg1-9_amd64.deb ...
#11 5.065 Unpacking libsasl2-2:amd64 (2.1.28+dfsg1-9) ...
#11 5.102 Selecting previously unselected package libldap2:amd64.
#11 5.103 Preparing to unpack .../13-libldap2_2.6.10+dfsg-1_amd64.deb ...
#11 5.107 Unpacking libldap2:amd64 (2.6.10+dfsg-1) ...
#11 5.148 Selecting previously unselected package libnghttp2-14:amd64.
#11 5.148 Preparing to unpack .../14-libnghttp2-14_1.64.0-1.1+deb13u1_amd64.deb ...
#11 5.151 Unpacking libnghttp2-14:amd64 (1.64.0-1.1+deb13u1) ...
#11 5.228 Selecting previously unselected package libnghttp3-9:amd64.
#11 5.228 Preparing to unpack .../15-libnghttp3-9_1.8.0-1_amd64.deb ...
#11 5.228 Unpacking libnghttp3-9:amd64 (1.8.0-1) ...
#11 5.273 Selecting previously unselected package libpsl5t64:amd64.
#11 5.273 Preparing to unpack .../16-libpsl5t64_0.21.2-1.1+b1_amd64.deb ...
#11 5.277 Unpacking libpsl5t64:amd64 (0.21.2-1.1+b1) ...
#11 5.311 Selecting previously unselected package libp11-kit0:amd64.
#11 5.312 Preparing to unpack .../17-libp11-kit0_0.25.5-3_amd64.deb ...
#11 5.316 Unpacking libp11-kit0:amd64 (0.25.5-3) ...
#11 5.368 Selecting previously unselected package libtasn1-6:amd64.
#11 5.368 Preparing to unpack .../18-libtasn1-6_4.20.0-2_amd64.deb ...
#11 5.371 Unpacking libtasn1-6:amd64 (4.20.0-2) ...
#11 5.406 Selecting previously unselected package libgnutls30t64:amd64.
#11 5.407 Preparing to unpack .../19-libgnutls30t64_3.8.9-3+deb13u4_amd64.deb ...
#11 5.412 Unpacking libgnutls30t64:amd64 (3.8.9-3+deb13u4) ...
#11 5.489 Selecting previously unselected package librtmp1:amd64.
#11 5.489 Preparing to unpack .../20-librtmp1_2.4+20151223.gitfa8646d.1-2+b5_amd64.deb ...
#11 5.497 Unpacking librtmp1:amd64 (2.4+20151223.gitfa8646d.1-2+b5) ...
#11 5.573 Selecting previously unselected package libssh2-1t64:amd64.
#11 5.576 Preparing to unpack .../21-libssh2-1t64_1.11.1-1_amd64.deb ...
#11 5.581 Unpacking libssh2-1t64:amd64 (1.11.1-1) ...
#11 5.628 Selecting previously unselected package libcurl4t64:amd64.
#11 5.628 Preparing to unpack .../22-libcurl4t64_8.14.1-2+deb13u3_amd64.deb ...
#11 5.628 Unpacking libcurl4t64:amd64 (8.14.1-2+deb13u3) ...
#11 5.673 Selecting previously unselected package curl.
#11 5.674 Preparing to unpack .../23-curl_8.14.1-2+deb13u3_amd64.deb ...
#11 5.677 Unpacking curl (8.14.1-2+deb13u3) ...
#11 5.722 Selecting previously unselected package libldap-common.
#11 5.724 Preparing to unpack .../24-libldap-common_2.6.10+dfsg-1_all.deb ...
#11 5.726 Unpacking libldap-common (2.6.10+dfsg-1) ...
#11 5.764 Selecting previously unselected package libsasl2-modules:amd64.
#11 5.765 Preparing to unpack .../25-libsasl2-modules_2.1.28+dfsg1-9_amd64.deb ...
#11 5.776 Unpacking libsasl2-modules:amd64 (2.1.28+dfsg1-9) ...
#11 5.812 Selecting previously unselected package publicsuffix.
#11 5.813 Preparing to unpack .../26-publicsuffix_20250328.1952-0.1_all.deb ...
#11 5.817 Unpacking publicsuffix (20250328.1952-0.1) ...
#11 5.899 Setting up libkeyutils1:amd64 (1.6.3-6) ...
#11 5.907 Setting up libbrotli1:amd64 (1.1.0-2+b7) ...
#11 5.916 Setting up libsasl2-modules:amd64 (2.1.28+dfsg1-9) ...
#11 5.934 Setting up libnghttp2-14:amd64 (1.64.0-1.1+deb13u1) ...
#11 5.942 Setting up krb5-locales (1.21.3-5+deb13u1) ...
#11 5.949 Setting up libcom-err2:amd64 (1.47.2-3+b11) ...
#11 5.957 Setting up libldap-common (2.6.10+dfsg-1) ...
#11 5.967 Setting up libkrb5support0:amd64 (1.21.3-5+deb13u1) ...
#11 5.975 Setting up libsasl2-modules-db:amd64 (2.1.28+dfsg1-9) ...
#11 5.983 Setting up bash-completion (1:2.16.0-7) ...
#11 5.997 Setting up libp11-kit0:amd64 (0.25.5-3) ...
#11 6.006 Setting up libunistring5:amd64 (1.3-2) ...
#11 6.013 Setting up libk5crypto3:amd64 (1.21.3-5+deb13u1) ...
#11 6.021 Setting up libsasl2-2:amd64 (2.1.28+dfsg1-9) ...
#11 6.028 Setting up libnghttp3-9:amd64 (1.8.0-1) ...
#11 6.037 Setting up libtasn1-6:amd64 (4.20.0-2) ...
#11 6.045 Setting up libkrb5-3:amd64 (1.21.3-5+deb13u1) ...
#11 6.053 Setting up libssh2-1t64:amd64 (1.11.1-1) ...
#11 6.061 Setting up publicsuffix (20250328.1952-0.1) ...
#11 6.071 Setting up libldap2:amd64 (2.6.10+dfsg-1) ...
#11 6.078 Setting up libidn2-0:amd64 (2.3.8-2) ...
#11 6.086 Setting up libgssapi-krb5-2:amd64 (1.21.3-5+deb13u1) ...
#11 6.097 Setting up libgnutls30t64:amd64 (3.8.9-3+deb13u4) ...
#11 6.106 Setting up libpsl5t64:amd64 (0.21.2-1.1+b1) ...
#11 6.114 Setting up librtmp1:amd64 (2.4+20151223.gitfa8646d.1-2+b5) ...
#11 6.122 Setting up libcurl4t64:amd64 (8.14.1-2+deb13u3) ...
#11 6.130 Setting up curl (8.14.1-2+deb13u3) ...
#11 6.138 Processing triggers for libc-bin (2.41-12) ...
#11 DONE 6.7s

#12 [8/9] RUN chown -R app:app /app
#12 DONE 0.4s

#13 [9/9] RUN sed -i 's/8501/8000/g' app.py
#13 DONE 0.3s

#14 exporting to image
#14 exporting layers
#14 exporting layers 1.1s done
#14 exporting manifest sha256:b446d4aa77a424f4890e69663bf6ffb2cd862800e272dadf8f43db0f69d4c06d
#14 exporting manifest sha256:b446d4aa77a424f4890e69663bf6ffb2cd862800e272dadf8f43db0f69d4c06d 0.0s done
#14 exporting config sha256:9941a4f4a6f08831bb7f454ef5c48b93ff11d21000de72bb67bff95d87625775 0.0s done
#14 exporting attestation manifest sha256:8fe2cdd2a62a0ee73359680c7a9c203e09b64364e419acc23584d2b55545d480 0.0s done
#14 exporting manifest list sha256:97b9d5428f25aa11400826104640e20c5815f133f9855b924858bcd9727d6e8e 0.0s done
#14 naming to docker.io/library/autodock-20260530-225709-38a18f:latest done
#14 unpacking to docker.io/library/autodock-20260530-225709-38a18f:latest
#14 unpacking to docker.io/library/autodock-20260530-225709-38a18f:latest 0.4s done
#14 DONE 1.6s
