
#0 building with "default" instance using docker driver

#1 [internal] load build definition from Dockerfile
#1 transferring dockerfile: 443B done
#1 DONE 0.1s

#2 [internal] load metadata for docker.io/library/python:3.9-slim
#2 ...

#3 [auth] library/python:pull token for registry-1.docker.io
#3 DONE 0.0s

#2 [internal] load metadata for docker.io/library/python:3.9-slim
#2 DONE 3.0s

#4 [internal] load .dockerignore
#4 transferring context: 2B done
#4 DONE 0.0s

#5 [1/7] FROM docker.io/library/python:3.9-slim@sha256:2d97f6910b16bd338d3060f261f53f144965f755599aab1acda1e13cf1731b1b
#5 resolve docker.io/library/python:3.9-slim@sha256:2d97f6910b16bd338d3060f261f53f144965f755599aab1acda1e13cf1731b1b 0.0s done
#5 ...

#6 [internal] load build context
#6 transferring context: 47.18kB 0.0s done
#6 DONE 0.1s

#5 [1/7] FROM docker.io/library/python:3.9-slim@sha256:2d97f6910b16bd338d3060f261f53f144965f755599aab1acda1e13cf1731b1b
#5 DONE 0.8s

#5 [1/7] FROM docker.io/library/python:3.9-slim@sha256:2d97f6910b16bd338d3060f261f53f144965f755599aab1acda1e13cf1731b1b
#5 sha256:ea56f685404adf81680322f152d2cfec62115b30dda481c2c450078315beb508 0B / 251B 0.2s
#5 sha256:fc74430849022d13b0d44b8969a953f842f59c6e9d1a0c2c83d710affa286c08 0B / 13.88MB 0.2s
#5 sha256:ea56f685404adf81680322f152d2cfec62115b30dda481c2c450078315beb508 251B / 251B 0.2s done
#5 sha256:38513bd7256313495cdd83b3b0915a633cfa475dc2a07072ab2c8d191020ca5d 0B / 29.78MB 0.2s
#5 sha256:b3ec39b36ae8c03a3e09854de4ec4aa08381dfed84a9daa075048c2e3df3881d 0B / 1.29MB 0.2s
#5 sha256:fc74430849022d13b0d44b8969a953f842f59c6e9d1a0c2c83d710affa286c08 5.24MB / 13.88MB 0.5s
#5 sha256:fc74430849022d13b0d44b8969a953f842f59c6e9d1a0c2c83d710affa286c08 13.88MB / 13.88MB 0.6s
#5 sha256:38513bd7256313495cdd83b3b0915a633cfa475dc2a07072ab2c8d191020ca5d 10.63MB / 29.78MB 0.8s
#5 sha256:b3ec39b36ae8c03a3e09854de4ec4aa08381dfed84a9daa075048c2e3df3881d 1.29MB / 1.29MB 0.8s
#5 sha256:38513bd7256313495cdd83b3b0915a633cfa475dc2a07072ab2c8d191020ca5d 14.54MB / 29.78MB 0.9s
#5 sha256:fc74430849022d13b0d44b8969a953f842f59c6e9d1a0c2c83d710affa286c08 13.88MB / 13.88MB 1.1s done
#5 sha256:38513bd7256313495cdd83b3b0915a633cfa475dc2a07072ab2c8d191020ca5d 29.78MB / 29.78MB 1.2s
#5 sha256:b3ec39b36ae8c03a3e09854de4ec4aa08381dfed84a9daa075048c2e3df3881d 1.29MB / 1.29MB 1.1s done
#5 sha256:38513bd7256313495cdd83b3b0915a633cfa475dc2a07072ab2c8d191020ca5d 29.78MB / 29.78MB 1.8s done
#5 extracting sha256:38513bd7256313495cdd83b3b0915a633cfa475dc2a07072ab2c8d191020ca5d
#5 extracting sha256:38513bd7256313495cdd83b3b0915a633cfa475dc2a07072ab2c8d191020ca5d 1.1s done
#5 DONE 3.7s

#5 [1/7] FROM docker.io/library/python:3.9-slim@sha256:2d97f6910b16bd338d3060f261f53f144965f755599aab1acda1e13cf1731b1b
#5 extracting sha256:b3ec39b36ae8c03a3e09854de4ec4aa08381dfed84a9daa075048c2e3df3881d 0.1s done
#5 DONE 3.9s

#5 [1/7] FROM docker.io/library/python:3.9-slim@sha256:2d97f6910b16bd338d3060f261f53f144965f755599aab1acda1e13cf1731b1b
#5 extracting sha256:fc74430849022d13b0d44b8969a953f842f59c6e9d1a0c2c83d710affa286c08
#5 extracting sha256:fc74430849022d13b0d44b8969a953f842f59c6e9d1a0c2c83d710affa286c08 1.0s done
#5 DONE 4.9s

#5 [1/7] FROM docker.io/library/python:3.9-slim@sha256:2d97f6910b16bd338d3060f261f53f144965f755599aab1acda1e13cf1731b1b
#5 extracting sha256:ea56f685404adf81680322f152d2cfec62115b30dda481c2c450078315beb508 0.0s done
#5 DONE 4.9s

#7 [2/7] RUN groupadd -r app && useradd -r -g app app
#7 DONE 3.4s

#8 [3/7] WORKDIR /app
#8 DONE 0.0s

#9 [4/7] COPY requirements.txt .
#9 DONE 0.0s

#10 [5/7] RUN pip install --no-cache-dir -r requirements.txt
#10 2.044 Collecting Flask
#10 2.091   Downloading flask-3.1.3-py3-none-any.whl (103 kB)
#10 2.103      ━━━━━━━━━━━━━━━━━━━━━━━━━━━━━━━━━━━━━━ 103.4/103.4 kB 10.7 MB/s eta 0:00:00
#10 2.223 Collecting importlib-metadata>=3.6.0
#10 2.232   Downloading importlib_metadata-8.7.1-py3-none-any.whl (27 kB)
#10 2.267 Collecting blinker>=1.9.0
#10 2.273   Downloading blinker-1.9.0-py3-none-any.whl (8.5 kB)
#10 2.504 Collecting markupsafe>=2.1.1
#10 2.510   Downloading markupsafe-3.0.3-cp39-cp39-manylinux2014_x86_64.manylinux_2_17_x86_64.manylinux_2_28_x86_64.whl (20 kB)
#10 2.544 Collecting itsdangerous>=2.2.0
#10 2.550   Downloading itsdangerous-2.2.0-py3-none-any.whl (16 kB)
#10 2.601 Collecting click>=8.1.3
#10 2.607   Downloading click-8.1.8-py3-none-any.whl (98 kB)
#10 2.610      ━━━━━━━━━━━━━━━━━━━━━━━━━━━━━━━━━━━━━━━ 98.2/98.2 kB 168.0 MB/s eta 0:00:00
#10 2.676 Collecting werkzeug>=3.1.0
#10 2.683   Downloading werkzeug-3.1.8-py3-none-any.whl (226 kB)
#10 2.689      ━━━━━━━━━━━━━━━━━━━━━━━━━━━━━━━━━━━━━━ 226.5/226.5 kB 61.6 MB/s eta 0:00:00
#10 2.733 Collecting jinja2>=3.1.2
#10 2.739   Downloading jinja2-3.1.6-py3-none-any.whl (134 kB)
#10 2.743      ━━━━━━━━━━━━━━━━━━━━━━━━━━━━━━━━━━━━━ 134.9/134.9 kB 146.0 MB/s eta 0:00:00
#10 2.859 Collecting zipp>=3.20
#10 2.865   Downloading zipp-3.23.1-py3-none-any.whl (10 kB)
#10 3.007 Installing collected packages: zipp, markupsafe, itsdangerous, click, blinker, werkzeug, jinja2, importlib-metadata, Flask
#10 3.505 Successfully installed Flask-3.1.3 blinker-1.9.0 click-8.1.8 importlib-metadata-8.7.1 itsdangerous-2.2.0 jinja2-3.1.6 markupsafe-3.0.3 werkzeug-3.1.8 zipp-3.23.1
#10 3.507 WARNING: Running pip as the 'root' user can result in broken permissions and conflicting behaviour with the system package manager. It is recommended to use a virtual environment instead: https://pip.pypa.io/warnings/venv
#10 3.661 
#10 3.661 [notice] A new release of pip is available: 23.0.1 -> 26.0.1
#10 3.661 [notice] To update, run: pip install --upgrade pip
#10 DONE 3.9s

#11 [6/7] COPY . .
#11 DONE 0.1s

#12 [7/7] RUN apt-get update && apt-get install -y curl && rm -rf /var/lib/apt/lists/*
#12 0.383 Get:1 http://deb.debian.org/debian trixie InRelease [140 kB]
#12 0.404 Get:2 http://deb.debian.org/debian trixie-updates InRelease [47.3 kB]
#12 0.404 Get:3 http://deb.debian.org/debian-security trixie-security InRelease [43.4 kB]
#12 0.433 Get:4 http://deb.debian.org/debian trixie/main amd64 Packages [9671 kB]
#12 0.511 Get:5 http://deb.debian.org/debian trixie-updates/main amd64 Packages [5412 B]
#12 0.512 Get:6 http://deb.debian.org/debian-security trixie-security/main amd64 Packages [175 kB]
#12 1.176 Fetched 10.1 MB in 1s (11.7 MB/s)
#12 1.176 Reading package lists...
#12 1.967 Reading package lists...
#12 2.640 Building dependency tree...
#12 2.843 Reading state information...
#12 2.979 The following additional packages will be installed:
#12 2.979   bash-completion krb5-locales libbrotli1 libcom-err2 libcurl4t64
#12 2.979   libgnutls30t64 libgssapi-krb5-2 libidn2-0 libk5crypto3 libkeyutils1
#12 2.979   libkrb5-3 libkrb5support0 libldap-common libldap2 libnghttp2-14 libnghttp3-9
#12 2.980   libp11-kit0 libpsl5t64 librtmp1 libsasl2-2 libsasl2-modules
#12 2.980   libsasl2-modules-db libssh2-1t64 libtasn1-6 libunistring5 publicsuffix
#12 2.981 Suggested packages:
#12 2.981   gnutls-bin krb5-doc krb5-user libsasl2-modules-gssapi-mit
#12 2.981   | libsasl2-modules-gssapi-heimdal libsasl2-modules-ldap libsasl2-modules-otp
#12 2.981   libsasl2-modules-sql
#12 3.158 The following NEW packages will be installed:
#12 3.159   bash-completion curl krb5-locales libbrotli1 libcom-err2 libcurl4t64
#12 3.159   libgnutls30t64 libgssapi-krb5-2 libidn2-0 libk5crypto3 libkeyutils1
#12 3.159   libkrb5-3 libkrb5support0 libldap-common libldap2 libnghttp2-14 libnghttp3-9
#12 3.160   libp11-kit0 libpsl5t64 librtmp1 libsasl2-2 libsasl2-modules
#12 3.160   libsasl2-modules-db libssh2-1t64 libtasn1-6 libunistring5 publicsuffix
#12 3.250 0 upgraded, 27 newly installed, 0 to remove and 15 not upgraded.
#12 3.250 Need to get 5704 kB of archives.
#12 3.250 After this operation, 18.3 MB of additional disk space will be used.
#12 3.250 Get:1 http://deb.debian.org/debian trixie/main amd64 bash-completion all 1:2.16.0-7 [319 kB]
#12 3.269 Get:2 http://deb.debian.org/debian-security trixie-security/main amd64 krb5-locales all 1.21.3-5+deb13u1 [101 kB]
#12 3.278 Get:3 http://deb.debian.org/debian trixie/main amd64 libbrotli1 amd64 1.1.0-2+b7 [307 kB]
#12 3.281 Get:4 http://deb.debian.org/debian-security trixie-security/main amd64 libkrb5support0 amd64 1.21.3-5+deb13u1 [33.1 kB]
#12 3.281 Get:5 http://deb.debian.org/debian trixie/main amd64 libcom-err2 amd64 1.47.2-3+b11 [25.0 kB]
#12 3.283 Get:6 http://deb.debian.org/debian-security trixie-security/main amd64 libk5crypto3 amd64 1.21.3-5+deb13u1 [81.2 kB]
#12 3.287 Get:7 http://deb.debian.org/debian trixie/main amd64 libkeyutils1 amd64 1.6.3-6 [9456 B]
#12 3.287 Get:8 http://deb.debian.org/debian-security trixie-security/main amd64 libkrb5-3 amd64 1.21.3-5+deb13u1 [326 kB]
#12 3.287 Get:9 http://deb.debian.org/debian-security trixie-security/main amd64 libgssapi-krb5-2 amd64 1.21.3-5+deb13u1 [138 kB]
#12 3.287 Get:10 http://deb.debian.org/debian trixie/main amd64 libunistring5 amd64 1.3-2 [477 kB]
#12 3.291 Get:11 http://deb.debian.org/debian trixie/main amd64 libidn2-0 amd64 2.3.8-2 [109 kB]
#12 3.293 Get:12 http://deb.debian.org/debian trixie/main amd64 libsasl2-modules-db amd64 2.1.28+dfsg1-9 [19.8 kB]
#12 3.293 Get:13 http://deb.debian.org/debian trixie/main amd64 libsasl2-2 amd64 2.1.28+dfsg1-9 [57.5 kB]
#12 3.294 Get:14 http://deb.debian.org/debian trixie/main amd64 libldap2 amd64 2.6.10+dfsg-1 [194 kB]
#12 3.296 Get:15 http://deb.debian.org/debian-security trixie-security/main amd64 libnghttp2-14 amd64 1.64.0-1.1+deb13u1 [76.2 kB]
#12 3.297 Get:16 http://deb.debian.org/debian trixie/main amd64 libnghttp3-9 amd64 1.8.0-1 [67.7 kB]
#12 3.297 Get:17 http://deb.debian.org/debian trixie/main amd64 libpsl5t64 amd64 0.21.2-1.1+b1 [57.2 kB]
#12 3.297 Get:18 http://deb.debian.org/debian trixie/main amd64 libp11-kit0 amd64 0.25.5-3 [425 kB]
#12 3.300 Get:19 http://deb.debian.org/debian trixie/main amd64 libtasn1-6 amd64 4.20.0-2 [49.9 kB]
#12 3.301 Get:20 http://deb.debian.org/debian-security trixie-security/main amd64 libgnutls30t64 amd64 3.8.9-3+deb13u4 [1469 kB]
#12 3.307 Get:21 http://deb.debian.org/debian trixie/main amd64 librtmp1 amd64 2.4+20151223.gitfa8646d.1-2+b5 [58.8 kB]
#12 3.307 Get:22 http://deb.debian.org/debian trixie/main amd64 libssh2-1t64 amd64 1.11.1-1 [245 kB]
#12 3.308 Get:23 http://deb.debian.org/debian trixie/main amd64 libcurl4t64 amd64 8.14.1-2+deb13u3 [391 kB]
#12 3.310 Get:24 http://deb.debian.org/debian trixie/main amd64 curl amd64 8.14.1-2+deb13u3 [270 kB]
#12 3.311 Get:25 http://deb.debian.org/debian trixie/main amd64 libldap-common all 2.6.10+dfsg-1 [35.1 kB]
#12 3.313 Get:26 http://deb.debian.org/debian trixie/main amd64 libsasl2-modules amd64 2.1.28+dfsg1-9 [66.7 kB]
#12 3.314 Get:27 http://deb.debian.org/debian trixie/main amd64 publicsuffix all 20250328.1952-0.1 [296 kB]
#12 3.591 debconf: unable to initialize frontend: Dialog
#12 3.591 debconf: (TERM is not set, so the dialog frontend is not usable.)
#12 3.591 debconf: falling back to frontend: Readline
#12 3.592 debconf: unable to initialize frontend: Readline
#12 3.592 debconf: (Can't locate Term/ReadLine.pm in @INC (you may need to install the Term::ReadLine module) (@INC entries checked: /etc/perl /usr/local/lib/x86_64-linux-gnu/perl/5.40.1 /usr/local/share/perl/5.40.1 /usr/lib/x86_64-linux-gnu/perl5/5.40 /usr/share/perl5 /usr/lib/x86_64-linux-gnu/perl-base /usr/lib/x86_64-linux-gnu/perl/5.40 /usr/share/perl/5.40 /usr/local/lib/site_perl) at /usr/share/perl5/Debconf/FrontEnd/Readline.pm line 8, <STDIN> line 27.)
#12 3.592 debconf: falling back to frontend: Teletype
#12 3.600 debconf: unable to initialize frontend: Teletype
#12 3.600 debconf: (This frontend requires a controlling tty.)
#12 3.600 debconf: falling back to frontend: Noninteractive
#12 4.247 Fetched 5704 kB in 0s (40.0 MB/s)
#12 4.275 Selecting previously unselected package bash-completion.
#12 4.275 (Reading database ... 
(Reading database ... 5%
(Reading database ... 10%
(Reading database ... 15%
(Reading database ... 20%
(Reading database ... 25%
(Reading database ... 30%
(Reading database ... 35%
(Reading database ... 40%
(Reading database ... 45%
(Reading database ... 50%
(Reading database ... 55%
(Reading database ... 60%
(Reading database ... 65%
(Reading database ... 70%
(Reading database ... 75%
(Reading database ... 80%
(Reading database ... 85%
(Reading database ... 90%
(Reading database ... 95%
(Reading database ... 100%
(Reading database ... 5644 files and directories currently installed.)
#12 4.283 Preparing to unpack .../00-bash-completion_1%3a2.16.0-7_all.deb ...
#12 4.286 Unpacking bash-completion (1:2.16.0-7) ...
#12 4.575 Selecting previously unselected package krb5-locales.
#12 4.576 Preparing to unpack .../01-krb5-locales_1.21.3-5+deb13u1_all.deb ...
#12 4.579 Unpacking krb5-locales (1.21.3-5+deb13u1) ...
#12 4.614 Selecting previously unselected package libbrotli1:amd64.
#12 4.615 Preparing to unpack .../02-libbrotli1_1.1.0-2+b7_amd64.deb ...
#12 4.622 Unpacking libbrotli1:amd64 (1.1.0-2+b7) ...
#12 4.668 Selecting previously unselected package libkrb5support0:amd64.
#12 4.670 Preparing to unpack .../03-libkrb5support0_1.21.3-5+deb13u1_amd64.deb ...
#12 4.672 Unpacking libkrb5support0:amd64 (1.21.3-5+deb13u1) ...
#12 4.705 Selecting previously unselected package libcom-err2:amd64.
#12 4.705 Preparing to unpack .../04-libcom-err2_1.47.2-3+b11_amd64.deb ...
#12 4.708 Unpacking libcom-err2:amd64 (1.47.2-3+b11) ...
#12 4.738 Selecting previously unselected package libk5crypto3:amd64.
#12 4.740 Preparing to unpack .../05-libk5crypto3_1.21.3-5+deb13u1_amd64.deb ...
#12 4.743 Unpacking libk5crypto3:amd64 (1.21.3-5+deb13u1) ...
#12 4.775 Selecting previously unselected package libkeyutils1:amd64.
#12 4.776 Preparing to unpack .../06-libkeyutils1_1.6.3-6_amd64.deb ...
#12 4.780 Unpacking libkeyutils1:amd64 (1.6.3-6) ...
#12 4.810 Selecting previously unselected package libkrb5-3:amd64.
#12 4.811 Preparing to unpack .../07-libkrb5-3_1.21.3-5+deb13u1_amd64.deb ...
#12 4.814 Unpacking libkrb5-3:amd64 (1.21.3-5+deb13u1) ...
#12 4.892 Selecting previously unselected package libgssapi-krb5-2:amd64.
#12 4.892 Preparing to unpack .../08-libgssapi-krb5-2_1.21.3-5+deb13u1_amd64.deb ...
#12 4.896 Unpacking libgssapi-krb5-2:amd64 (1.21.3-5+deb13u1) ...
#12 4.939 Selecting previously unselected package libunistring5:amd64.
#12 4.942 Preparing to unpack .../09-libunistring5_1.3-2_amd64.deb ...
#12 4.945 Unpacking libunistring5:amd64 (1.3-2) ...
#12 5.001 Selecting previously unselected package libidn2-0:amd64.
#12 5.003 Preparing to unpack .../10-libidn2-0_2.3.8-2_amd64.deb ...
#12 5.006 Unpacking libidn2-0:amd64 (2.3.8-2) ...
#12 5.040 Selecting previously unselected package libsasl2-modules-db:amd64.
#12 5.040 Preparing to unpack .../11-libsasl2-modules-db_2.1.28+dfsg1-9_amd64.deb ...
#12 5.042 Unpacking libsasl2-modules-db:amd64 (2.1.28+dfsg1-9) ...
#12 5.074 Selecting previously unselected package libsasl2-2:amd64.
#12 5.074 Preparing to unpack .../12-libsasl2-2_2.1.28+dfsg1-9_amd64.deb ...
#12 5.076 Unpacking libsasl2-2:amd64 (2.1.28+dfsg1-9) ...
#12 5.111 Selecting previously unselected package libldap2:amd64.
#12 5.111 Preparing to unpack .../13-libldap2_2.6.10+dfsg-1_amd64.deb ...
#12 5.114 Unpacking libldap2:amd64 (2.6.10+dfsg-1) ...
#12 5.154 Selecting previously unselected package libnghttp2-14:amd64.
#12 5.154 Preparing to unpack .../14-libnghttp2-14_1.64.0-1.1+deb13u1_amd64.deb ...
#12 5.156 Unpacking libnghttp2-14:amd64 (1.64.0-1.1+deb13u1) ...
#12 5.248 Selecting previously unselected package libnghttp3-9:amd64.
#12 5.248 Preparing to unpack .../15-libnghttp3-9_1.8.0-1_amd64.deb ...
#12 5.248 Unpacking libnghttp3-9:amd64 (1.8.0-1) ...
#12 5.279 Selecting previously unselected package libpsl5t64:amd64.
#12 5.281 Preparing to unpack .../16-libpsl5t64_0.21.2-1.1+b1_amd64.deb ...
#12 5.284 Unpacking libpsl5t64:amd64 (0.21.2-1.1+b1) ...
#12 5.319 Selecting previously unselected package libp11-kit0:amd64.
#12 5.319 Preparing to unpack .../17-libp11-kit0_0.25.5-3_amd64.deb ...
#12 5.321 Unpacking libp11-kit0:amd64 (0.25.5-3) ...
#12 5.378 Selecting previously unselected package libtasn1-6:amd64.
#12 5.380 Preparing to unpack .../18-libtasn1-6_4.20.0-2_amd64.deb ...
#12 5.383 Unpacking libtasn1-6:amd64 (4.20.0-2) ...
#12 5.417 Selecting previously unselected package libgnutls30t64:amd64.
#12 5.419 Preparing to unpack .../19-libgnutls30t64_3.8.9-3+deb13u4_amd64.deb ...
#12 5.422 Unpacking libgnutls30t64:amd64 (3.8.9-3+deb13u4) ...
#12 5.523 Selecting previously unselected package librtmp1:amd64.
#12 5.525 Preparing to unpack .../20-librtmp1_2.4+20151223.gitfa8646d.1-2+b5_amd64.deb ...
#12 5.528 Unpacking librtmp1:amd64 (2.4+20151223.gitfa8646d.1-2+b5) ...
#12 5.561 Selecting previously unselected package libssh2-1t64:amd64.
#12 5.563 Preparing to unpack .../21-libssh2-1t64_1.11.1-1_amd64.deb ...
#12 5.566 Unpacking libssh2-1t64:amd64 (1.11.1-1) ...
#12 5.604 Selecting previously unselected package libcurl4t64:amd64.
#12 5.606 Preparing to unpack .../22-libcurl4t64_8.14.1-2+deb13u3_amd64.deb ...
#12 5.609 Unpacking libcurl4t64:amd64 (8.14.1-2+deb13u3) ...
#12 5.657 Selecting previously unselected package curl.
#12 5.659 Preparing to unpack .../23-curl_8.14.1-2+deb13u3_amd64.deb ...
#12 5.662 Unpacking curl (8.14.1-2+deb13u3) ...
#12 5.701 Selecting previously unselected package libldap-common.
#12 5.703 Preparing to unpack .../24-libldap-common_2.6.10+dfsg-1_all.deb ...
#12 5.705 Unpacking libldap-common (2.6.10+dfsg-1) ...
#12 5.738 Selecting previously unselected package libsasl2-modules:amd64.
#12 5.738 Preparing to unpack .../25-libsasl2-modules_2.1.28+dfsg1-9_amd64.deb ...
#12 5.748 Unpacking libsasl2-modules:amd64 (2.1.28+dfsg1-9) ...
#12 5.782 Selecting previously unselected package publicsuffix.
#12 5.782 Preparing to unpack .../26-publicsuffix_20250328.1952-0.1_all.deb ...
#12 5.785 Unpacking publicsuffix (20250328.1952-0.1) ...
#12 5.858 Setting up libkeyutils1:amd64 (1.6.3-6) ...
#12 5.868 Setting up libbrotli1:amd64 (1.1.0-2+b7) ...
#12 5.876 Setting up libsasl2-modules:amd64 (2.1.28+dfsg1-9) ...
#12 5.892 Setting up libnghttp2-14:amd64 (1.64.0-1.1+deb13u1) ...
#12 5.899 Setting up krb5-locales (1.21.3-5+deb13u1) ...
#12 5.907 Setting up libcom-err2:amd64 (1.47.2-3+b11) ...
#12 5.914 Setting up libldap-common (2.6.10+dfsg-1) ...
#12 5.923 Setting up libkrb5support0:amd64 (1.21.3-5+deb13u1) ...
#12 5.930 Setting up libsasl2-modules-db:amd64 (2.1.28+dfsg1-9) ...
#12 5.937 Setting up bash-completion (1:2.16.0-7) ...
#12 5.954 Setting up libp11-kit0:amd64 (0.25.5-3) ...
#12 5.961 Setting up libunistring5:amd64 (1.3-2) ...
#12 5.970 Setting up libk5crypto3:amd64 (1.21.3-5+deb13u1) ...
#12 5.978 Setting up libsasl2-2:amd64 (2.1.28+dfsg1-9) ...
#12 5.986 Setting up libnghttp3-9:amd64 (1.8.0-1) ...
#12 5.994 Setting up libtasn1-6:amd64 (4.20.0-2) ...
#12 6.002 Setting up libkrb5-3:amd64 (1.21.3-5+deb13u1) ...
#12 6.010 Setting up libssh2-1t64:amd64 (1.11.1-1) ...
#12 6.019 Setting up publicsuffix (20250328.1952-0.1) ...
#12 6.026 Setting up libldap2:amd64 (2.6.10+dfsg-1) ...
#12 6.034 Setting up libidn2-0:amd64 (2.3.8-2) ...
#12 6.042 Setting up libgssapi-krb5-2:amd64 (1.21.3-5+deb13u1) ...
#12 6.051 Setting up libgnutls30t64:amd64 (3.8.9-3+deb13u4) ...
#12 6.059 Setting up libpsl5t64:amd64 (0.21.2-1.1+b1) ...
#12 6.066 Setting up librtmp1:amd64 (2.4+20151223.gitfa8646d.1-2+b5) ...
#12 6.074 Setting up libcurl4t64:amd64 (8.14.1-2+deb13u3) ...
#12 6.083 Setting up curl (8.14.1-2+deb13u3) ...
#12 6.090 Processing triggers for libc-bin (2.41-12) ...
#12 DONE 6.5s

#13 exporting to image
#13 exporting layers
#13 exporting layers 1.2s done
#13 exporting manifest sha256:3d6cc3972609ae303cdef7e68fa2108d7c82b53341f577badcd94eb2c6305640 0.0s done
#13 exporting config sha256:dc0d4e0382141f3de86867bec41c1533ce46589297cd2b608e748d2b82fb6854 0.0s done
#13 exporting attestation manifest sha256:1bd5ed487e13134cf3ed5a42933ce7400d19b746c909f54d104c780813ac0e1d 0.0s done
#13 exporting manifest list sha256:c1762144aa722b87828bdbbe61a3f2f3af2ef32adeb0ed2124df679bca686198 done
#13 naming to docker.io/library/autodock-20260530-225709-38a18f:latest done
#13 unpacking to docker.io/library/autodock-20260530-225709-38a18f:latest
#13 unpacking to docker.io/library/autodock-20260530-225709-38a18f:latest 0.6s done
#13 DONE 1.9s
